DeconstructionPatternErrors.java:15:28: compiler.err.underscore.as.identifier
DeconstructionPatternErrors.java:15:29: compiler.err.expected: token.identifier
DeconstructionPatternErrors.java:16:29: compiler.err.prob.found.req: (compiler.misc.inconvertible.types: java.util.List<java.lang.String>, java.util.ArrayList<java.lang.Integer>)
DeconstructionPatternErrors.java:17:29: compiler.err.instanceof.reifiable.not.safe: java.lang.Object, java.util.ArrayList<java.lang.Integer>
DeconstructionPatternErrors.java:18:29: compiler.err.prob.found.req: (compiler.misc.inconvertible.types: java.lang.String, int)
DeconstructionPatternErrors.java:19:28: compiler.err.prob.found.req: (compiler.misc.inconvertible.types: int, java.lang.String)
DeconstructionPatternErrors.java:20:29: compiler.err.prob.found.req: (compiler.misc.inconvertible.types: java.lang.String, DeconstructionPatternErrors.P)
DeconstructionPatternErrors.java:21:26: compiler.err.incorrect.number.of.nested.patterns: java.lang.Runnable,java.lang.Runnable, java.lang.Runnable
DeconstructionPatternErrors.java:22:26: compiler.err.incorrect.number.of.nested.patterns: java.lang.Runnable,java.lang.Runnable, java.lang.Runnable
DeconstructionPatternErrors.java:23:26: compiler.err.incorrect.number.of.nested.patterns: int, int,compiler.misc.type.none
DeconstructionPatternErrors.java:24:26: compiler.err.incorrect.number.of.nested.patterns: int, int,int
DeconstructionPatternErrors.java:25:36: compiler.err.cant.resolve.location: kindname.class, Unresolvable, , , (compiler.misc.location: kindname.class, DeconstructionPatternErrors, null)
DeconstructionPatternErrors.java:25:26: compiler.err.incorrect.number.of.nested.patterns: int, int,Unresolvable
DeconstructionPatternErrors.java:26:13: compiler.err.instanceof.reifiable.not.safe: java.lang.Object, DeconstructionPatternErrors.GenRecord<java.lang.String>
DeconstructionPatternErrors.java:27:29: compiler.err.instanceof.reifiable.not.safe: java.lang.Object, DeconstructionPatternErrors.GenRecord<java.lang.String>
DeconstructionPatternErrors.java:28:44: compiler.err.prob.found.req: (compiler.misc.inconvertible.types: java.lang.String, java.lang.Integer)
DeconstructionPatternErrors.java:28:13: compiler.err.instanceof.reifiable.not.safe: java.lang.Object, DeconstructionPatternErrors.GenRecord<java.lang.String>
- compiler.note.preview.filename: DeconstructionPatternErrors.java
- compiler.note.preview.recompile
17 errors
