FlowAnalysisAndConstantPatterns.java:14:13: compiler.err.pattern.dominated
1 error
