MatchBindingScopeTest.java:18:32: compiler.err.cant.resolve.location: kindname.variable, j, , , (compiler.misc.location: kindname.class, MatchBindingScopeTest, null)
MatchBindingScopeTest.java:22:61: compiler.err.match.binding.exists
MatchBindingScopeTest.java:29:32: compiler.err.cant.resolve.location: kindname.variable, j, , , (compiler.misc.location: kindname.class, MatchBindingScopeTest, null)
MatchBindingScopeTest.java:30:32: compiler.err.cant.resolve.location: kindname.variable, k, , , (compiler.misc.location: kindname.class, MatchBindingScopeTest, null)
MatchBindingScopeTest.java:33:39: compiler.err.cant.resolve.location: kindname.variable, j, , , (compiler.misc.location: kindname.class, MatchBindingScopeTest, null)
MatchBindingScopeTest.java:34:32: compiler.err.cant.resolve.location: kindname.variable, j, , , (compiler.misc.location: kindname.class, MatchBindingScopeTest, null)
MatchBindingScopeTest.java:37:36: compiler.err.match.binding.exists
MatchBindingScopeTest.java:40:32: compiler.err.cant.resolve.location: kindname.variable, j, , , (compiler.misc.location: kindname.class, MatchBindingScopeTest, null)
MatchBindingScopeTest.java:48:32: compiler.err.cant.resolve.location: kindname.variable, j, , , (compiler.misc.location: kindname.class, MatchBindingScopeTest, null)
MatchBindingScopeTest.java:55:48: compiler.err.cant.resolve.location: kindname.variable, j, , , (compiler.misc.location: kindname.class, MatchBindingScopeTest, null)
MatchBindingScopeTest.java:56:32: compiler.err.cant.resolve.location: kindname.variable, j, , , (compiler.misc.location: kindname.class, MatchBindingScopeTest, null)
MatchBindingScopeTest.java:64:21: compiler.err.cant.resolve.location: kindname.variable, x, , , (compiler.misc.location: kindname.class, MatchBindingScopeTest, null)
MatchBindingScopeTest.java:70:23: compiler.err.cant.resolve.location: kindname.variable, j, , , (compiler.misc.location: kindname.class, MatchBindingScopeTest, null)
MatchBindingScopeTest.java:73:23: compiler.err.cant.resolve.location: kindname.variable, j, , , (compiler.misc.location: kindname.class, MatchBindingScopeTest, null)
- compiler.note.preview.filename: MatchBindingScopeTest.java
- compiler.note.preview.recompile
14 errors
