PatternVariablesAreFinal.java:11:13: compiler.err.pattern.binding.may.not.be.assigned: s
PatternVariablesAreFinal.java:15:29: compiler.err.pattern.binding.may.not.be.assigned: i
PatternVariablesAreFinal.java:21:29: compiler.err.pattern.binding.may.not.be.assigned: s
- compiler.note.preview.filename: PatternVariablesAreFinal.java
- compiler.note.preview.recompile
3 errors
